---
source: facet-macros-emit/tests/codegen/mod.rs
assertion_line: 1086
expression: "expand(r#\"\n        #[derive(Facet)]\n        #[facet(transparent)]\n        struct Wrapper<const C: usize>(u32);\n        \"#)"
---
#[automatically_derived]
unsafe impl<'__facet, const C: usize> ::facet::Facet<'__facet> for Wrapper<C> {
    const VTABLE: &'static ::facet::ValueVTable = &const {
        let mut vtable = ::facet::value_vtable!(Self, |f, opts| {
            write!(f, "Wrapper")?;
            if let Some(opts) = opts.for_children() {
                write!(f, "<")?;
                write!(f, "{:?}", C)?;
                write!(f, ">")?;
            } else {
                write!(f, "<…>")?;
            }
            Ok(())
        });
        unsafe fn try_from<'src, 'dst>(
            src_ptr: ::facet::PtrConst<'src>,
            src_shape: &'static ::facet::Shape,
            dst: ::facet::PtrUninit<'dst>,
        ) -> Result<::facet::PtrMut<'dst>, ::facet::TryFromError> {
            let inner_result = match (<u32 as ::facet::Facet>::SHAPE
                .vtable
                .sized()
                .and_then(|v| (v.try_from)()))
            {
                Some(inner_try) => unsafe { (inner_try)(src_ptr, src_shape, dst) },
                None => Err(::facet::TryFromError::UnsupportedSourceShape {
                    src_shape,
                    expected: const { &[&<u32 as ::facet::Facet>::SHAPE] },
                }),
            };
            match inner_result {
                Ok(result) => Ok(result),
                Err(_) => {
                    if src_shape != <u32 as ::facet::Facet>::SHAPE {
                        return Err(::facet::TryFromError::UnsupportedSourceShape {
                            src_shape,
                            expected: const { &[&<u32 as ::facet::Facet>::SHAPE] },
                        });
                    }
                    let inner: u32 = unsafe { src_ptr.read() };
                    Ok(unsafe { dst.put(inner) })
                }
            }
        }
        unsafe fn try_into_inner<'src, 'dst, const C: usize>(
            src_ptr: ::facet::PtrMut<'src>,
            dst: ::facet::PtrUninit<'dst>,
        ) -> Result<::facet::PtrMut<'dst>, ::facet::TryIntoInnerError> {
            let wrapper = unsafe { src_ptr.get::<Wrapper<C>>() };
            Ok(unsafe { dst.put(wrapper.0.clone()) })
        }
        unsafe fn try_borrow_inner<'src, const C: usize>(
            src_ptr: ::facet::PtrConst<'src>,
        ) -> Result<::facet::PtrConst<'src>, ::facet::TryBorrowInnerError> {
            let wrapper = unsafe { src_ptr.get::<Wrapper<C>>() };
            Ok(::facet::PtrConst::new(&wrapper.0 as *const _ as *const u8))
        }
        {
            let vtable_sized = vtable.sized_mut().unwrap();
            vtable_sized.try_from = || Some(try_from);
            vtable_sized.try_into_inner = || Some(try_into_inner::<C>);
            vtable_sized.try_borrow_inner = || Some(try_borrow_inner::<C>);
        }
        vtable
    };
    const SHAPE: &'static ::facet::Shape = &const {
        let fields: &'static [::facet::Field] = &const {
            [{
                ::facet::Field::builder()
                    .name("0")
                    .shape(::facet::shape_of(&|s: &Wrapper<C>| &s.0))
                    .offset(::core::mem::offset_of!(Wrapper<C>, 0))
                    .build()
            }]
        };
        fn inner_shape() -> &'static ::facet::Shape {
            <u32 as ::facet::Facet>::SHAPE
        }
        ::facet::Shape::builder_for_sized::<Self>()
            .type_identifier("Wrapper")
            .ty(::facet::Type::User(::facet::UserType::Struct(
                ::facet::StructType::builder()
                    .repr(::facet::Repr::default())
                    .kind(::facet::StructKind::TupleStruct)
                    .fields(fields)
                    .build(),
            )))
            .inner(inner_shape)
            .attributes(&[::facet::ShapeAttribute::Transparent])
            .build()
    };
}
